[www.a2oj.com/index.html]
[www.a2oj.com/favicon.ico]
[backblue.gif]
[fade.gif]
[index.html]
[www.a2oj.com/bye.png]
[www.a2oj.com/Ladders.html]
[www.a2oj.com/Categories.html]
[www.a2oj.com/index.html]
[www.a2oj.com/Ladder11.html]
[www.a2oj.com/Ladder12.html]
[www.a2oj.com/Ladder13.html]
[www.a2oj.com/Ladder14.html]
[www.a2oj.com/Ladder15.html]
[www.a2oj.com/Ladder16.html]
[www.a2oj.com/Ladder17.html]
[www.a2oj.com/Ladder18.html]
[www.a2oj.com/Ladder19.html]
[www.a2oj.com/Ladder20.html]
[www.a2oj.com/Ladder21.html]
[www.a2oj.com/Ladder22.html]
[www.a2oj.com/Ladder23.html]
[www.a2oj.com/Ladder24.html]
[www.a2oj.com/Ladder25.html]
[www.a2oj.com/Ladder26.html]
[www.a2oj.com/Ladder27.html]
[www.a2oj.com/Ladder28.html]
[www.a2oj.com/Ladder29.html]
[www.a2oj.com/Ladder30.html]
[www.a2oj.com/Ladder31.html]
[www.a2oj.com/Ladder32.html]
[www.a2oj.com/Ladder4.html]
[www.a2oj.com/Ladder5.html]
[www.a2oj.com/Ladder6.html]
[www.a2oj.com/Ladder7.html]
[www.a2oj.com/Ladder8.html]
[www.a2oj.com/Ladder9.html]
[www.a2oj.com/Ladder10.html]
[www.a2oj.com/Ladders.html]
[www.a2oj.com/Category33.html]
[www.a2oj.com/Category92.html]
[www.a2oj.com/Category86.html]
[www.a2oj.com/Category56.html]
[www.a2oj.com/Category13.html]
[www.a2oj.com/Category85.html]
[www.a2oj.com/Category88.html]
[www.a2oj.com/Category407.html]
[www.a2oj.com/Category409.html]
[www.a2oj.com/Category408.html]
[www.a2oj.com/Category410.html]
[www.a2oj.com/Category411.html]
[www.a2oj.com/Category40.html]
[www.a2oj.com/Category94.html]
[www.a2oj.com/Category95.html]
[www.a2oj.com/Category101.html]
[www.a2oj.com/Category21.html]
[www.a2oj.com/Category41.html]
[www.a2oj.com/Category87.html]
[www.a2oj.com/Category90.html]
[www.a2oj.com/Category334.html]
[www.a2oj.com/Category89.html]
[www.a2oj.com/Category25.html]
[www.a2oj.com/Category12.html]
[www.a2oj.com/Category100.html]
[www.a2oj.com/Category96.html]
[www.a2oj.com/Category463.html]
[www.a2oj.com/Category98.html]
[www.a2oj.com/Category97.html]
[www.a2oj.com/Category32.html]
[www.a2oj.com/Category91.html]
[www.a2oj.com/Category17.html]
[www.a2oj.com/Category93.html]
[www.a2oj.com/Category26.html]
[www.a2oj.com/Category99.html]
[www.a2oj.com/Category62.html]
[www.a2oj.com/Category664.html]
[www.a2oj.com/Category58.html]
[www.a2oj.com/Category49.html]
[www.a2oj.com/Category119.html]
[www.a2oj.com/Category76.html]
[www.a2oj.com/Category72.html]
[www.a2oj.com/Category126.html]
[www.a2oj.com/Category29.html]
[www.a2oj.com/Category377.html]
[www.a2oj.com/Category36.html]
[www.a2oj.com/Category30.html]
[www.a2oj.com/Category44.html]
[www.a2oj.com/Category125.html]
[www.a2oj.com/Category14.html]
[www.a2oj.com/Category318.html]
[www.a2oj.com/Category42.html]
[www.a2oj.com/Category22.html]
[www.a2oj.com/Category31.html]
[www.a2oj.com/Category65.html]
[www.a2oj.com/Category79.html]
[www.a2oj.com/Category230.html]
[www.a2oj.com/Category435.html]
[www.a2oj.com/Category131.html]
[www.a2oj.com/Category124.html]
[www.a2oj.com/Category35.html]
[www.a2oj.com/Category208.html]
[www.a2oj.com/Category24.html]
[www.a2oj.com/Category231.html]
[www.a2oj.com/Category743.html]
[www.a2oj.com/Category84.html]
[www.a2oj.com/Category150.html]
[www.a2oj.com/Category227.html]
[www.a2oj.com/Category319.html]
[www.a2oj.com/Category27.html]
[www.a2oj.com/Category54.html]
[www.a2oj.com/Category169.html]
[www.a2oj.com/Category59.html]
[www.a2oj.com/Category106.html]
[www.a2oj.com/Category130.html]
[www.a2oj.com/Category170.html]
[www.a2oj.com/Category669.html]
[www.a2oj.com/Category48.html]
[www.a2oj.com/Category103.html]
[www.a2oj.com/Category112.html]
[www.a2oj.com/Category166.html]
[www.a2oj.com/Category651.html]
[www.a2oj.com/Category701.html]
[www.a2oj.com/Category760.html]
[www.a2oj.com/Category800.html]
[www.a2oj.com/Category64.html]
[www.a2oj.com/Category69.html]
[www.a2oj.com/Category164.html]
[www.a2oj.com/Category165.html]
[www.a2oj.com/Category216.html]
[www.a2oj.com/Category671.html]
[www.a2oj.com/Category132.html]
[www.a2oj.com/Category221.html]
[www.a2oj.com/Category308.html]
[www.a2oj.com/Category37.html]
[www.a2oj.com/Category63.html]
[www.a2oj.com/Category80.html]
[www.a2oj.com/Category309.html]
[www.a2oj.com/Category315.html]
[www.a2oj.com/Category378.html]
[www.a2oj.com/Category576.html]
[www.a2oj.com/Category610.html]
[www.a2oj.com/Category699.html]
[www.a2oj.com/Category34.html]
[www.a2oj.com/Category45.html]
[www.a2oj.com/Category173.html]
[www.a2oj.com/Category174.html]
[www.a2oj.com/Category178.html]
[www.a2oj.com/Category190.html]
[www.a2oj.com/Category348.html]
[www.a2oj.com/Category421.html]
[www.a2oj.com/Category650.html]
[www.a2oj.com/Category662.html]
[www.a2oj.com/Category738.html]
[www.a2oj.com/Category43.html]
[www.a2oj.com/Category52.html]
[www.a2oj.com/Category102.html]
[www.a2oj.com/Category175.html]
[www.a2oj.com/Category321.html]
[www.a2oj.com/Category361.html]
[www.a2oj.com/Category555.html]
[www.a2oj.com/Category50.html]
[www.a2oj.com/Category53.html]
[www.a2oj.com/Category171.html]
[www.a2oj.com/Category195.html]
[www.a2oj.com/Category225.html]
[www.a2oj.com/Category235.html]
[www.a2oj.com/Category275.html]
[www.a2oj.com/Category338.html]
[www.a2oj.com/Category474.html]
[www.a2oj.com/Category661.html]
[www.a2oj.com/Category16.html]
[www.a2oj.com/Category18.html]
[www.a2oj.com/Category19.html]
[www.a2oj.com/Category20.html]
[www.a2oj.com/Category23.html]
[www.a2oj.com/Category38.html]
[www.a2oj.com/Category39.html]
[www.a2oj.com/Category57.html]
[www.a2oj.com/Category128.html]
[www.a2oj.com/Category180.html]
[www.a2oj.com/Category209.html]
[www.a2oj.com/Category234.html]
[www.a2oj.com/Category304.html]
[www.a2oj.com/Category438.html]
[www.a2oj.com/Category481.html]
[www.a2oj.com/Category505.html]
[www.a2oj.com/Category547.html]
[www.a2oj.com/Category584.html]
[www.a2oj.com/Category28.html]
[www.a2oj.com/Category46.html]
[www.a2oj.com/Category51.html]
[www.a2oj.com/Categories.html]
[www.a2oj.com/Ladder11.html]
[www.a2oj.com/Ladder12.html]
[www.a2oj.com/Ladder13.html]
[www.a2oj.com/Ladder14.html]
[www.a2oj.com/Ladder15.html]
[www.a2oj.com/Ladder16.html]
[www.a2oj.com/Ladder17.html]
[www.a2oj.com/Ladder18.html]
[www.a2oj.com/Ladder19.html]
[www.a2oj.com/Ladder20.html]
[www.a2oj.com/Ladder21.html]
[www.a2oj.com/Ladder22.html]
[www.a2oj.com/Ladder23.html]
[www.a2oj.com/Ladder24.html]
[www.a2oj.com/Ladder25.html]
[www.a2oj.com/Ladder26.html]
[www.a2oj.com/Ladder27.html]
[www.a2oj.com/Ladder28.html]
[www.a2oj.com/Ladder29.html]
[www.a2oj.com/Ladder30.html]
[www.a2oj.com/Ladder31.html]
[www.a2oj.com/Ladder32.html]
[www.a2oj.com/Ladder4.html]
[www.a2oj.com/Ladder5.html]
[www.a2oj.com/Ladder6.html]
[www.a2oj.com/Ladder7.html]
[www.a2oj.com/Ladder8.html]
[www.a2oj.com/Ladder9.html]
[www.a2oj.com/Ladder10.html]
[www.a2oj.com/pdfb4]
[www.a2oj.com/p103a]
[www.a2oj.com/p98de]
[www.a2oj.com/p8ad5]
[www.a2oj.com/p07aa]
[www.a2oj.com/pf723]
[www.a2oj.com/pdd03]
[www.a2oj.com/pe996]
[www.a2oj.com/p1f99]
[www.a2oj.com/p8cc2]
[www.a2oj.com/pf4e5]
[www.a2oj.com/p9c91]
[www.a2oj.com/Category33.html]
[www.a2oj.com/p3439]
[www.a2oj.com/p1c06]
[www.a2oj.com/pe227]
[www.a2oj.com/pb54c]
[www.a2oj.com/Category92.html]
[www.a2oj.com/p64b4]
[www.a2oj.com/p3836]
[www.a2oj.com/p1c13]
[www.a2oj.com/p6819]
[www.a2oj.com/p9d36]
[www.a2oj.com/p3f31]
[www.a2oj.com/p8d86]
[www.a2oj.com/p2f56]
[www.a2oj.com/p2635]
[www.a2oj.com/Category86.html]
[www.a2oj.com/pd4e4]
[www.a2oj.com/p8202]
[www.a2oj.com/p8a68]
[www.a2oj.com/p8880]
[www.a2oj.com/Category56.html]
[www.a2oj.com/pfd65]
[www.a2oj.com/p8366]
[www.a2oj.com/p73b2]
[www.a2oj.com/p435c]
[www.a2oj.com/p5ced]
[www.a2oj.com/Category13.html]
[www.a2oj.com/Category85.html]
[www.a2oj.com/p7937]
[www.a2oj.com/Category88.html]
[www.a2oj.com/p6d4f]
[www.a2oj.com/Category407.html]
[www.a2oj.com/Category409.html]
[www.a2oj.com/p87c0]
[www.a2oj.com/Category408.html]
[www.a2oj.com/Category410.html]
[www.a2oj.com/Category411.html]
[www.a2oj.com/Category40.html]
[www.a2oj.com/Category94.html]
[www.a2oj.com/Category95.html]
[www.a2oj.com/p3991]
[www.a2oj.com/Category101.html]
[www.a2oj.com/peaf5]
[www.a2oj.com/Category21.html]
[www.a2oj.com/pf274]
[www.a2oj.com/Category41.html]
[www.a2oj.com/p7630]
[www.a2oj.com/p50c1]
[www.a2oj.com/p0dce]
[www.a2oj.com/pbd47]
[www.a2oj.com/Category87.html]
[www.a2oj.com/Category90.html]
[www.a2oj.com/Category334.html]
[www.a2oj.com/pa2d3]
[www.a2oj.com/p80f9]
[www.a2oj.com/Category89.html]
[www.a2oj.com/p7fa5]
[www.a2oj.com/Category25.html]
[www.a2oj.com/p97d4]
[www.a2oj.com/Category12.html]
[www.a2oj.com/pfc3b]
[www.a2oj.com/Category100.html]
[www.a2oj.com/Category96.html]
[www.a2oj.com/Category463.html]
[www.a2oj.com/Category98.html]
[www.a2oj.com/Category97.html]
[www.a2oj.com/Category32.html]
[www.a2oj.com/pfc86]
[www.a2oj.com/p599f]
[www.a2oj.com/Category91.html]
[www.a2oj.com/p1707]
[www.a2oj.com/Category17.html]
[www.a2oj.com/Category93.html]
[www.a2oj.com/Category26.html]
[www.a2oj.com/Category99.html]
[www.a2oj.com/Category62.html]
[www.a2oj.com/p0591]
[www.a2oj.com/Category664.html]
[www.a2oj.com/Category58.html]
[www.a2oj.com/Category49.html]
[www.a2oj.com/Category119.html]
[www.a2oj.com/Category76.html]
[www.a2oj.com/Category72.html]
[www.a2oj.com/Category126.html]
[www.a2oj.com/Category29.html]
[www.a2oj.com/Category377.html]
[www.a2oj.com/Category36.html]
[www.a2oj.com/Category30.html]
[www.a2oj.com/Category44.html]
[www.a2oj.com/Category125.html]
[www.a2oj.com/Category14.html]
[www.a2oj.com/Category318.html]
[www.a2oj.com/Category42.html]
[www.a2oj.com/Category22.html]
[www.a2oj.com/Category31.html]
[www.a2oj.com/Category65.html]
[www.a2oj.com/Category79.html]
[www.a2oj.com/Category230.html]
[www.a2oj.com/Category435.html]
[www.a2oj.com/Category131.html]
[www.a2oj.com/Category124.html]
[www.a2oj.com/Category35.html]
[www.a2oj.com/Category208.html]
[www.a2oj.com/Category24.html]
[www.a2oj.com/Category231.html]
[www.a2oj.com/Category743.html]
[www.a2oj.com/Category84.html]
[www.a2oj.com/Category150.html]
[www.a2oj.com/Category227.html]
[www.a2oj.com/Category319.html]
[www.a2oj.com/Category27.html]
[www.a2oj.com/Category54.html]
[www.a2oj.com/Category169.html]
[www.a2oj.com/Category59.html]
[www.a2oj.com/Category106.html]
[www.a2oj.com/Category130.html]
[www.a2oj.com/Category170.html]
[www.a2oj.com/Category669.html]
[www.a2oj.com/Category48.html]
[www.a2oj.com/Category103.html]
[www.a2oj.com/Category112.html]
[www.a2oj.com/Category166.html]
[www.a2oj.com/Category651.html]
[www.a2oj.com/pb865]
[www.a2oj.com/peebb]
[www.a2oj.com/Category701.html]
[www.a2oj.com/Category760.html]
[www.a2oj.com/Category800.html]
[www.a2oj.com/Category64.html]
[www.a2oj.com/Category69.html]
[www.a2oj.com/Category164.html]
[www.a2oj.com/Category165.html]
[www.a2oj.com/Category216.html]
[www.a2oj.com/Category671.html]
[www.a2oj.com/Category132.html]
[www.a2oj.com/Category221.html]
[www.a2oj.com/Category308.html]
[www.a2oj.com/Category37.html]
[www.a2oj.com/Category63.html]
[www.a2oj.com/Category80.html]
[www.a2oj.com/Category309.html]
[www.a2oj.com/Category315.html]
[www.a2oj.com/Category378.html]
[www.a2oj.com/p245c]
[www.a2oj.com/Category576.html]
[www.a2oj.com/Category610.html]
[www.a2oj.com/Category699.html]
[www.a2oj.com/Category34.html]
[www.a2oj.com/Category45.html]
[www.a2oj.com/Category173.html]
[www.a2oj.com/Category174.html]
[www.a2oj.com/Category178.html]
[www.a2oj.com/Category190.html]
[www.a2oj.com/Category348.html]
[www.a2oj.com/Category421.html]
[www.a2oj.com/Category650.html]
[www.a2oj.com/Category662.html]
[www.a2oj.com/Category738.html]
[www.a2oj.com/Category43.html]
[www.a2oj.com/Category52.html]
[www.a2oj.com/Category102.html]
[www.a2oj.com/Category175.html]
[www.a2oj.com/Category321.html]
[www.a2oj.com/Category361.html]
[www.a2oj.com/Category555.html]
[www.a2oj.com/Category50.html]
[www.a2oj.com/Category53.html]
[www.a2oj.com/Category171.html]
[www.a2oj.com/Category195.html]
[www.a2oj.com/Category225.html]
[www.a2oj.com/Category235.html]
[www.a2oj.com/Category275.html]
[www.a2oj.com/Category338.html]
[www.a2oj.com/Category474.html]
[www.a2oj.com/Category661.html]
[www.a2oj.com/Category16.html]
[www.a2oj.com/Category18.html]
[www.a2oj.com/Category19.html]
[www.a2oj.com/Category20.html]
[www.a2oj.com/Category23.html]
[www.a2oj.com/Category38.html]
[www.a2oj.com/Category39.html]
[www.a2oj.com/Category57.html]
[www.a2oj.com/Category128.html]
[www.a2oj.com/Category180.html]
[www.a2oj.com/Category209.html]
[www.a2oj.com/Category234.html]
[www.a2oj.com/Category304.html]
[www.a2oj.com/Category438.html]
[www.a2oj.com/Category481.html]
[www.a2oj.com/Category505.html]
[www.a2oj.com/Category547.html]
[www.a2oj.com/Category584.html]
[www.a2oj.com/Category28.html]
[www.a2oj.com/Category46.html]
[www.a2oj.com/Category51.html]
[www.a2oj.com/pdfb4.html]
[www.a2oj.com/p103a.html]
[www.a2oj.com/p98de.html]
[www.a2oj.com/p8ad5.html]
[www.a2oj.com/p07aa.html]
[www.a2oj.com/pf723.html]
[www.a2oj.com/pdd03.html]
[www.a2oj.com/pe996.html]
[www.a2oj.com/p1f99.html]
[www.a2oj.com/p8cc2.html]
[www.a2oj.com/pf4e5.html]
[www.a2oj.com/p9c91.html]
[www.a2oj.com/p3439.html]
[www.a2oj.com/p1c06.html]
[www.a2oj.com/pe227.html]
[www.a2oj.com/pb54c.html]
[www.a2oj.com/p64b4.html]
[www.a2oj.com/p3836.html]
[www.a2oj.com/p1c13.html]
[www.a2oj.com/p6819.html]
[www.a2oj.com/p9d36.html]
[www.a2oj.com/p3f31.html]
[www.a2oj.com/p8d86.html]
[www.a2oj.com/p2f56.html]
[www.a2oj.com/p2635.html]
[www.a2oj.com/pd4e4.html]
[www.a2oj.com/p8202.html]
[www.a2oj.com/p8a68.html]
[www.a2oj.com/p8880.html]
[www.a2oj.com/pfd65.html]
[www.a2oj.com/p8366.html]
[www.a2oj.com/p73b2.html]
[www.a2oj.com/p435c.html]
[www.a2oj.com/p5ced.html]
[www.a2oj.com/p7937.html]
[www.a2oj.com/p6d4f.html]
[www.a2oj.com/p87c0.html]
[www.a2oj.com/p3991.html]
[www.a2oj.com/peaf5.html]
[www.a2oj.com/pf274.html]
[www.a2oj.com/p7630.html]
[www.a2oj.com/p50c1.html]
[www.a2oj.com/p0dce.html]
[www.a2oj.com/pbd47.html]
[www.a2oj.com/pa2d3.html]
[www.a2oj.com/p80f9.html]
[www.a2oj.com/p7fa5.html]
[www.a2oj.com/p97d4.html]
[www.a2oj.com/pfc3b.html]
[www.a2oj.com/pfc86.html]
[www.a2oj.com/p599f.html]
[www.a2oj.com/p1707.html]
[www.a2oj.com/p0591.html]
[www.a2oj.com/pb865.html]
[www.a2oj.com/peebb.html]
[www.a2oj.com/p245c.html]
